------------------------------------
Wed 29 Apr 2026 13:00:38 IDT
SLURM_JOBID:		17262019
SLURM_JOB_NODELIST:	ise-cpu-intl-06
SLURM_SCRATCH_DIR:	/scratch/michalnu/17262019
Allocated Resouces:	cpu - 6 / mem - 32768 MB / gpu - 
SLURM_GPU_INDEX:	
Running as michalnu from ofircohen account with normal QOS
------------------------------------
[INFO] Found 76 non-equivocal models
[INFO] Common genes across ALL available models: 1504
[INFO] Using sample_genes=500
[INFO] signatures: 10/76
[INFO] signatures: 20/76
[INFO] signatures: 30/76
[INFO] signatures: 40/76
[INFO] signatures: 50/76
[INFO] signatures: 60/76
[INFO] signatures: 70/76
[INFO] signatures: 76/76
[INFO] Signature matrix: (76, 124750)
[INFO] Running UMAP...
[INFO] Wrote results/PCoA/cosine_50_edges_5_walks_dim128/pcoa_walks5_dim128_sample500_umap.csv
[INFO] Wrote results/PCoA/cosine_50_edges_5_walks_dim128/pcoa_walks5_dim128_sample500_umap.png
[INFO] Built embedding-distance matrix
[INFO] PCoA variance explained: PC1=0.526, PC2=0.028
[INFO] Wrote results/PCoA/cosine_50_edges_5_walks_dim128/pcoa_walks5_dim128_sample500_pcoa.csv
[INFO] Wrote results/PCoA/cosine_50_edges_5_walks_dim128/pcoa_walks5_dim128_sample500_pcoa.png
[QC] mean within-celltype distance:  261.3681
[QC] mean between-celltype distance: 307.7801
[QC] separation z-score (bigger=better): 0.517
